N=
ABCDEDCBA
ABCD DCBA
ABC   CBA
AB     BA
A       A
AB     BA
ABC   CBA
ABCD DCBA
ABCDEDCBA
