x = 
Error = 
exp(4) = 53.43175
Number of Terms : 9
