x = 
Error = 
exp(5) = 147.6038
Number of Terms : 12
