x = 
Error = 
exp(-1) = 0.3678819
Number of Terms : 9
