Enter number of elements 
Enter 10 integers 

5 3 7 2 11 13 
Start  =  4
Length =  6
