Enter number of elements 
Enter 10 integers 

13 11 7 5 
Start  =  6
Length =  4
