Enter number of elements 
Enter 4 integers 

3 2 
Start  =  0
Length =  2
