Enter number of elements 
Enter 5 integers 

5 5 5 
Start  =  2
Length =  3
